570
10 0 0 0 0
15 5 0 0 0
0 30 0 0 0
0 0 15 25 0
0 0 0 0 50
